
> ku-house-hunting@1.0.0 prebuild
> node -e "require('node:fs').rmSync('.next',{recursive:true,force:true})" && prisma generate

Prisma schema loaded from prisma\schema.prisma

Γ£ö Generated Prisma Client (v5.22.0) to .\node_modules\@prisma\client in 186ms

Start by importing your Prisma Client (See: https://pris.ly/d/importing-client)

Tip: Easily identify and fix slow SQL queries in your app. Optimize helps you enhance your visibility: https://pris.ly/--optimize


> ku-house-hunting@1.0.0 build
> next build

  Γû▓ Next.js 14.2.35
  - Environments: .env.local

   Creating an optimized production build ...
 Γ£ô Compiled successfully
   Linting and checking validity of types ...
   Collecting page data ...
   Generating static pages (0/22) ...
   Generating static pages (5/22) 
   Generating static pages (10/22) 
   Generating static pages (16/22) 
 Γ£ô Generating static pages (22/22)
   Finalizing page optimization ...
   Collecting build traces ...

Route (app)                                         Size     First Load JS
Γöî Γùï /                                               4.24 kB         106 kB
Γö£ Γùï /_not-found                                     873 B          88.1 kB
Γö£ Γùï /admin/trust-safety                             3.08 kB          99 kB
Γö£ Γùï /agent/dashboard                                5.28 kB         101 kB
Γö£ ╞Æ /api/admin/properties/[id]/verification         0 B                0 B
Γö£ ╞Æ /api/agent/viewing-requests                     0 B                0 B
Γö£ ╞Æ /api/auth/login                                 0 B                0 B
Γö£ ╞Æ /api/auth/logout                                0 B                0 B
Γö£ ╞Æ /api/auth/me                                    0 B                0 B
Γö£ ╞Æ /api/auth/signup                                0 B                0 B
Γö£ ╞Æ /api/listings                                   0 B                0 B
Γö£ ╞Æ /api/payments/mpesa/callback                    0 B                0 B
Γö£ ╞Æ /api/payments/mpesa/status/[checkoutRequestId]  0 B                0 B
Γö£ ╞Æ /api/payments/mpesa/stk-push                    0 B                0 B
Γö£ ╞Æ /api/roommate/profile                           0 B                0 B
Γö£ Γùï /areas                                          178 B          96.1 kB
Γö£ Γùï /dashboard                                      5.78 kB         102 kB
Γö£ ╞Æ /listing/[id]                                   178 B          96.1 kB
Γö£ Γùï /login                                          1.46 kB        97.4 kB
Γö£ Γùï /post-listing                                   2.83 kB        98.8 kB
Γö£ Γùï /profile                                        912 B          96.9 kB
Γö£ Γùï /roommate-match                                 2.58 kB        89.8 kB
Γö£ Γùï /search                                         4.94 kB         107 kB
Γöö Γùï /signup                                         1.53 kB        97.5 kB
+ First Load JS shared by all                       87.3 kB
  Γö£ chunks/117-d60db678a8d6188b.js                  31.7 kB
  Γö£ chunks/fd9d1056-a80e6fe05afa95fb.js             53.6 kB
  Γöö other shared chunks (total)                     1.89 kB


Γùï  (Static)   prerendered as static content
╞Æ  (Dynamic)  server-rendered on demand

